    Finished `release` profile [optimized] target(s) in 0.96s
warning: direct cast of function item into an integer
  --> libs\base\src\platform\mod.rs:80:62
   |
80 |         libc::signal(libc::SIGSEGV, breakdown_signal_handler as _);
   |                                                              ^^^^
   |
   = note: `#[warn(function_casts_as_integer)]` on by default
help: first cast to a pointer `as *const ()`
   |
80 |         libc::signal(libc::SIGSEGV, breakdown_signal_handler as *const () as _);
   |                                                              ++++++++++++

warning: `base` (lib) generated 1 warning (run `cargo fix --lib -p base` to apply 1 suggestion)
   Compiling rustdesk v1.5.0 (C:\Users\dbosk\OneDrive\Documentos\GitHub\prefdesk)
error[E0583]: file not found for module `bridge_generated`
  --> src\lib.rs:33:1
   |
33 | mod bridge_generated;
   | ^^^^^^^^^^^^^^^^^^^^^
   |
   = help: to create the module `bridge_generated`, create file "src\bridge_generated.rs" or "src\bridge_generated\mod.rs"
   = note: if there is a `mod bridge_generated` elsewhere in the crate already, import it with `use crate::...` instead

warning: unused import: `is_installed`
  --> src\common.rs:40:69
   |
40 |     ui_interface::{get_api_server as ui_get_api_server, get_option, is_installed, set_option},
   |                                                                     ^^^^^^^^^^^^
   |
   = note: `#[warn(unused_imports)]` (part of `#[warn(unused)]`) on by default

warning: unused import: `bail`
  --> src\ui_cm_interface.rs:23:16
   |
23 |     allow_err, bail,
   |                ^^^^

warning: use of deprecated function `hbb_common::base64::encode`: Use Engine::encode
   --> src\hbbs_http\sync.rs:188:52
    |
188 |                         hash = hbb_common::base64::encode(&res[..]);
    |                                                    ^^^^^^
    |
    = note: `#[warn(deprecated)]` on by default

error[E0277]: the trait bound `EventToUI: IntoIntoDart<_>` is not satisfied
   --> src\flutter.rs:588:28
    |
588 |                     stream.add(EventToUI::Event(out.clone()));
    |                            ^^^ unsatisfied trait bound
    |
help: the trait `IntoIntoDart<_>` is not implemented for `EventToUI`
   --> src\flutter_ffi.rs:96:1
    |
 96 | pub enum EventToUI {
    | ^^^^^^^^^^^^^^^^^^
    = help: the following other types implement trait `IntoIntoDart<D>`:
              `()` implements `IntoIntoDart<()>`
              `(A, B)` implements `IntoIntoDart<(AD, BD)>`
              `(A, B, C)` implements `IntoIntoDart<(AD, BD, CD)>`
              `(A, B, C, D)` implements `IntoIntoDart<(AD, BD, CD, DD)>`
              `(A, B, C, D, E)` implements `IntoIntoDart<(AD, BD, CD, DD, ED)>`
              `Box<T>` implements `IntoIntoDart<T>`
              `DartCObject` implements `IntoIntoDart<DartCObject>`
              `DartOpaque` implements `IntoIntoDart<DartOpaque>`
            and 23 others
note: required by a bound in `StreamSink::<T>::add`
   --> C:\Users\dbosk\.cargo\registry\src\index.crates.io-1949cf8c6b5b557f\flutter_rust_bridge-1.80.1\src\rust2dart.rs:139:12
    |
137 |     pub fn add<D: IntoDart>(&self, value: T) -> bool
    |            --- required by a bound in this associated function
138 |     where
139 |         T: IntoIntoDart<D>,
    |            ^^^^^^^^^^^^^^^ required by this bound in `StreamSink::<T>::add`

error[E0277]: the trait bound `EventToUI: IntoIntoDart<_>` is not satisfied
    --> src\flutter.rs:1203:24
     |
1203 |                 stream.add(EventToUI::Rgba(display));
     |                        ^^^ unsatisfied trait bound
     |
help: the trait `IntoIntoDart<_>` is not implemented for `EventToUI`
    --> src\flutter_ffi.rs:96:1
     |
  96 | pub enum EventToUI {
     | ^^^^^^^^^^^^^^^^^^
     = help: the following other types implement trait `IntoIntoDart<D>`:
               `()` implements `IntoIntoDart<()>`
               `(A, B)` implements `IntoIntoDart<(AD, BD)>`
               `(A, B, C)` implements `IntoIntoDart<(AD, BD, CD)>`
               `(A, B, C, D)` implements `IntoIntoDart<(AD, BD, CD, DD)>`
               `(A, B, C, D, E)` implements `IntoIntoDart<(AD, BD, CD, DD, ED)>`
               `Box<T>` implements `IntoIntoDart<T>`
               `DartCObject` implements `IntoIntoDart<DartCObject>`
               `DartOpaque` implements `IntoIntoDart<DartOpaque>`
             and 23 others
note: required by a bound in `StreamSink::<T>::add`
    --> C:\Users\dbosk\.cargo\registry\src\index.crates.io-1949cf8c6b5b557f\flutter_rust_bridge-1.80.1\src\rust2dart.rs:139:12
     |
 137 |     pub fn add<D: IntoDart>(&self, value: T) -> bool
     |            --- required by a bound in this associated function
 138 |     where
 139 |         T: IntoIntoDart<D>,
     |            ^^^^^^^^^^^^^^^ required by this bound in `StreamSink::<T>::add`

error[E0277]: the trait bound `EventToUI: IntoIntoDart<_>` is not satisfied
    --> src\flutter.rs:1233:32
     |
1233 |                         stream.add(EventToUI::Texture(display, false));
     |                                ^^^ unsatisfied trait bound
     |
help: the trait `IntoIntoDart<_>` is not implemented for `EventToUI`
    --> src\flutter_ffi.rs:96:1
     |
  96 | pub enum EventToUI {
     | ^^^^^^^^^^^^^^^^^^
     = help: the following other types implement trait `IntoIntoDart<D>`:
               `()` implements `IntoIntoDart<()>`
               `(A, B)` implements `IntoIntoDart<(AD, BD)>`
               `(A, B, C)` implements `IntoIntoDart<(AD, BD, CD)>`
               `(A, B, C, D)` implements `IntoIntoDart<(AD, BD, CD, DD)>`
               `(A, B, C, D, E)` implements `IntoIntoDart<(AD, BD, CD, DD, ED)>`
               `Box<T>` implements `IntoIntoDart<T>`
               `DartCObject` implements `IntoIntoDart<DartCObject>`
               `DartOpaque` implements `IntoIntoDart<DartOpaque>`
             and 23 others
note: required by a bound in `StreamSink::<T>::add`
    --> C:\Users\dbosk\.cargo\registry\src\index.crates.io-1949cf8c6b5b557f\flutter_rust_bridge-1.80.1\src\rust2dart.rs:139:12
     |
 137 |     pub fn add<D: IntoDart>(&self, value: T) -> bool
     |            --- required by a bound in this associated function
 138 |     where
 139 |         T: IntoIntoDart<D>,
     |            ^^^^^^^^^^^^^^^ required by this bound in `StreamSink::<T>::add`

error[E0277]: the trait bound `EventToUI: IntoIntoDart<_>` is not satisfied
    --> src\flutter.rs:1402:16
     |
1402 |         stream.add(EventToUI::Event("close".to_owned()));
     |                ^^^ unsatisfied trait bound
     |
help: the trait `IntoIntoDart<_>` is not implemented for `EventToUI`
    --> src\flutter_ffi.rs:96:1
     |
  96 | pub enum EventToUI {
     | ^^^^^^^^^^^^^^^^^^
     = help: the following other types implement trait `IntoIntoDart<D>`:
               `()` implements `IntoIntoDart<()>`
               `(A, B)` implements `IntoIntoDart<(AD, BD)>`
               `(A, B, C)` implements `IntoIntoDart<(AD, BD, CD)>`
               `(A, B, C, D)` implements `IntoIntoDart<(AD, BD, CD, DD)>`
               `(A, B, C, D, E)` implements `IntoIntoDart<(AD, BD, CD, DD, ED)>`
               `Box<T>` implements `IntoIntoDart<T>`
               `DartCObject` implements `IntoIntoDart<DartCObject>`
               `DartOpaque` implements `IntoIntoDart<DartOpaque>`
             and 23 others
note: required by a bound in `StreamSink::<T>::add`
    --> C:\Users\dbosk\.cargo\registry\src\index.crates.io-1949cf8c6b5b557f\flutter_rust_bridge-1.80.1\src\rust2dart.rs:139:12
     |
 137 |     pub fn add<D: IntoDart>(&self, value: T) -> bool
     |            --- required by a bound in this associated function
 138 |     where
 139 |         T: IntoIntoDart<D>,
     |            ^^^^^^^^^^^^^^^ required by this bound in `StreamSink::<T>::add`

warning: variable does not need to be mutable
   --> src\server\terminal_helper.rs:846:9
    |
846 |     let mut input_pipe = open_pipe(input_pipe_name, true)?;
    |         ----^^^^^^^^^^
    |         |
    |         help: remove this `mut`
    |
    = note: `#[warn(unused_mut)]` (part of `#[warn(unused)]`) on by default

warning: variable does not need to be mutable
   --> src\server\terminal_helper.rs:847:9
    |
847 |     let mut output_pipe = open_pipe(output_pipe_name, false)?;
    |         ----^^^^^^^^^^^
    |         |
    |         help: remove this `mut`

warning: variable does not need to be mutable
    --> src\flutter_ffi.rs:1038:9
     |
1038 |     let mut map: HashMap<String, String> = serde_json::from_str(&json).unwrap_or(HashMap::new());
     |         ----^^^
     |         |
     |         help: remove this `mut`

warning: variable does not need to be mutable
  --> src\tray.rs:64:9
   |
64 |     let mut event_loop = EventLoopBuilder::new().build();
   |         ----^^^^^^^^^^
   |         |
   |         help: remove this `mut`

Some errors have detailed explanations: E0277, E0583.
For more information about an error, try `rustc --explain E0277`.
warning: `rustdesk` (lib) generated 7 warnings
error: could not compile `rustdesk` (lib) due to 5 previous errors; 7 warnings emitted
Error occurred when executing: `cargo build --locked --features flutter --lib --release`. Exiting.
features: ['flutter']
False
